
> portfolio@0.1.0 build
> next build

▲ Next.js 16.1.4 (Turbopack)

  Creating an optimized production build ...
✓ Compiled successfully in 2.0s
  Running TypeScript ...
node.exe : Failed to 
compile.
At line:1 char:1
+ & "D:\Program Files
\nodejs/node.exe" "C:
\Users\hp\AppData\Roa
ming\npm ...
+ ~~~~~~~~~~~~~~~~~~~
~~~~~~~~~~~~~~~~~~~~~
~~~~~~~~~~~~~~~~~~~~~
~~~~~~~~
    + CategoryInfo   
           : NotSpe  
  cified: (Failed    
 to compile.:Stri    
ng) [], RemoteEx    
ception
    + FullyQualified 
   ErrorId : Native  
  CommandError
 

./src/components/Navb
ar.tsx:6:20
Type error: Cannot 
find module '@/app/sr
c/lib/utils' or its 
corresponding type 
declarations.

[0m [90m 4 |[39m 
[36mimport[39m { 
motion } 
[36mfrom[39m [32m'
framer-motion'[39m[
33m;[39m
 [90m 5 |[39m 
[36mimport[39m { [
33mHome[39m[33m,[3
9m [33mCpu[39m[33m
,[39m [33mBriefcase
[39m[33m,[39m 
[33mMail[39m } 
[36mfrom[39m [32m'
lucide-react'[39m[3
3m;[39m
[31m[1m>[22m[39m
[90m 6 |[39m 
[36mimport[39m { 
cn } [36mfrom[39m 
[32m"@/app/src/lib/ut
ils"[39m[33m;[39m 
[90m// وظيفة مساعدة 
لدمج كلاسات 
Tailwind[39m
 [90m   |[39m      
              
[31m[1m^[22m[39m
 [90m 7 |[39m
 [90m 8 |[39m 
[36mconst[39m 
navItems [33m=[39m 
[
 [90m 9 |[39m   { n
ame[33m:[39m[32m'H
ome'[39m[33m,[39m 
icon[33m:[39m [33m
<[39m[33mHome[39m 
size[33m=[39m{[35m
20[39m} [33m/[39m
[33m>[39m[33m,[39m
 href[33m:[39m 
[32m'#'[39m 
}[33m,[39m[0m
Next.js build worker 
exited with code: 1 
and signal: null
